// Jest Snapshot v1, https://goo.gl/fbAQLP

exports[`Chart matches snapshot 1`] = `
.c3 {
  max-width: 46rem;
  padding-top: 3rem;
  margin-bottom: 1rem;
  margin: 0 auto;
}

.c4 {
  font-size: 0.85rem;
  text-align: left;
  border-radius: 0.25rem 0.25rem 0 0;
  border-collapse: separate;
  border-spacing: 8px;
  table-layout: fixed;
}

.c5 {
  display: table-header-group;
  vertical-align: middle;
  width: 50%;
}

.c7 {
  color: rgba(0,0,0,0.85);
  display: table-cell;
  font-weight: 500;
  font-size: 1rem;
  text-align: left;
  -webkit-transition: background 0.3s ease;
  transition: background 0.3s ease;
  padding: 0.25rem;
  width: 25%;
}

.c7:first-child {
  width: 3%;
}

.c6 {
  display: table-row;
  position: relative;
  vertical-align: middle;
  -webkit-transition: background 0.3s ease;
  transition: background 0.3s ease;
}

.c8 {
  padding: 0.5rem;
  color: rgba(0,0,0,0.65);
}

.c8:first-child {
  border-radius: 0.25rem;
  width: 3%;
}

.c0 {
  color: #444;
  margin-bottom: 2rem;
}

.c1 {
  color: #444;
  margin-top: 2rem;
  font-size: 12px;
}

.c2 {
  color: #000;
  -webkit-text-decoration: none;
  text-decoration: none;
  padding: 0.25rem;
}

.c2:hover {
  color: #fff;
  background-color: #000;
  border-radius: 0.25rem;
}

@media (min-width:1280px) {
  .c3 {
    max-width: 28rem;
  }
}

<div>
  <div
    currentitem="false"
    data-for="chart"
    data-testid="pie-chart"
    data-tip=""
  >
    <h1
      class="c0"
    >
      Images by Dog Breed (%)
    </h1>
    <svg
      height="100%"
      style="height: 500px;"
      viewBox="0 0 100 100"
      width="100%"
    >
      <path
        d="M NaN NaN A 25 25 0 1 1 NaN NaN"
        fill="none"
        stroke="hsl(0,100%,50%)"
        stroke-width="50"
      />
    </svg>
    <div
      class="__react_component_tooltip t3bda62ba-4b9f-4afb-9e89-37e2668ce19a place-top type-dark"
      data-id="tooltip"
      id="chart"
    >
      <style>
        
  	.t3bda62ba-4b9f-4afb-9e89-37e2668ce19a {
	    color: #fff;
	    background: #222;
	    border: 1px solid transparent;
  	}

  	.t3bda62ba-4b9f-4afb-9e89-37e2668ce19a.place-top {
        margin-top: -10px;
    }
    .t3bda62ba-4b9f-4afb-9e89-37e2668ce19a.place-top::before {
        border-top: 8px solid transparent;
    }
    .t3bda62ba-4b9f-4afb-9e89-37e2668ce19a.place-top::after {
        border-left: 8px solid transparent;
        border-right: 8px solid transparent;
        bottom: -6px;
        left: 50%;
        margin-left: -8px;
        border-top-color: #222;
        border-top-style: solid;
        border-top-width: 6px;
    }

    .t3bda62ba-4b9f-4afb-9e89-37e2668ce19a.place-bottom {
        margin-top: 10px;
    }
    .t3bda62ba-4b9f-4afb-9e89-37e2668ce19a.place-bottom::before {
        border-bottom: 8px solid transparent;
    }
    .t3bda62ba-4b9f-4afb-9e89-37e2668ce19a.place-bottom::after {
        border-left: 8px solid transparent;
        border-right: 8px solid transparent;
        top: -6px;
        left: 50%;
        margin-left: -8px;
        border-bottom-color: #222;
        border-bottom-style: solid;
        border-bottom-width: 6px;
    }

    .t3bda62ba-4b9f-4afb-9e89-37e2668ce19a.place-left {
        margin-left: -10px;
    }
    .t3bda62ba-4b9f-4afb-9e89-37e2668ce19a.place-left::before {
        border-left: 8px solid transparent;
    }
    .t3bda62ba-4b9f-4afb-9e89-37e2668ce19a.place-left::after {
        border-top: 5px solid transparent;
        border-bottom: 5px solid transparent;
        right: -6px;
        top: 50%;
        margin-top: -4px;
        border-left-color: #222;
        border-left-style: solid;
        border-left-width: 6px;
    }

    .t3bda62ba-4b9f-4afb-9e89-37e2668ce19a.place-right {
        margin-left: 10px;
    }
    .t3bda62ba-4b9f-4afb-9e89-37e2668ce19a.place-right::before {
        border-right: 8px solid transparent;
    }
    .t3bda62ba-4b9f-4afb-9e89-37e2668ce19a.place-right::after {
        border-top: 5px solid transparent;
        border-bottom: 5px solid transparent;
        left: -6px;
        top: 50%;
        margin-top: -4px;
        border-right-color: #222;
        border-right-style: solid;
        border-right-width: 6px;
    }
  
      </style>
    </div>
    <p
      class="c1"
    >
      Data source:
       
      <a
        class="c2"
        href="https://dog.ceo/dog-api/documentation/"
        target="_blank"
      >
        Dog API
      </a>
    </p>
    <div
      class="c3"
    >
      <table
        class="c4"
        data-testid="legend-table"
      >
        <thead
          class="c5"
        >
          <tr
            class="c6"
          >
            <th
              class="c7"
            >
              Color
            </th>
            <th
              class="c7"
            >
              Breed
            </th>
            <th
              class="c7"
            >
              Percentage
            </th>
            <th
              class="c7"
            >
              Image Count
            </th>
          </tr>
        </thead>
        <tbody>
          <tr
            class="c6"
          >
            <td
              class="c8"
              style="background-color: rgb(255, 0, 0);"
            />
            <td
              class="c8"
            >
              husky
            </td>
            <td
              class="c8"
            >
              NaN
              %
            </td>
            <td
              class="c8"
            />
          </tr>
        </tbody>
      </table>
    </div>
  </div>
</div>
`;
